// Jest Snapshot v1, https://goo.gl/fbAQLP

exports[`App component should render 1`] = `
<div
  className="App"
>
  <header
    className="header"
  >
    <h2>
      Star Wars Search
    </h2>
  </header>
  <div
    className="container"
  >
    <ContextProvider
      value={
        Object {
          "detailsSelection": "",
          "handleDetails": [Function],
          "handleInputChange": [Function],
          "handleSelect": [Function],
          "handleSubmit": [Function],
          "resultIndex": null,
          "resultSearchQuery": "",
          "searchQuery": "people",
          "searchResults": Array [],
          "selectQuery": [Function],
        }
      }
    >
      <Switch>
        <Route
          component={[Function]}
          exact={true}
          path="/"
        />
        <Route
          component={[Function]}
          path="/details"
        />
      </Switch>
    </ContextProvider>
  </div>
</div>
`;

exports[`App component should render App component 1`] = `
<div
  className="App"
>
  <header
    className="header"
  >
    <h2>
      Star Wars Search
    </h2>
  </header>
  <div
    className="container"
  >
    <ContextProvider
      value={
        Object {
          "detailsSelection": "",
          "handleDetails": [Function],
          "handleInputChange": [Function],
          "handleSelect": [Function],
          "handleSubmit": [Function],
          "resultIndex": null,
          "resultSearchQuery": "",
          "searchQuery": "people",
          "searchResults": Array [],
          "selectQuery": [Function],
        }
      }
    >
      <Switch>
        <Route
          component={[Function]}
          exact={true}
          path="/"
        />
        <Route
          component={[Function]}
          path="/details"
        />
      </Switch>
    </ContextProvider>
  </div>
</div>
`;
